"","Materials","Consumer discretionary","Financial","Property","Communications","Energy","Industrial","Technology","Consumer staples","Healthcare","Utilities"
"jShares Min Volatility ETF Acc",0.0558,0.0765,0.2046,0.0319,0.0443,0.1375,0.1671,0.0822,0.0243,0.1127,0.0631
"KP Norman Dev Wrld Lrg Cap Eq Acc",0.0552,0.0771,0.2039,0.032,0.0446,0.1336,0.1659,0.0845,0.0264,0.1121,0.0647
"Saturn Glbl Managed Equity Fund Acc",0.0595,0.0701,0.2,0.0319,0.0394,0.1541,0.1615,0.0902,0.0207,0.1163,0.0563
