"Asset","Allocation"
"Fund A",0.25
"Fund B",0.25
"Fund C",0.25
"Fund D",0.25
