"Asset","Allocation"
"Fund A",0.399936
"Fund B",0.399936
"Fund C",0.100006
"Fund D",0.100006
