"Asset","Allocation"
"jShares Min Volatility ETF Acc",0.375865
"KP Norman Dev Wrld Lrg Cap Eq Acc",0.367592
"Saturn Glbl Managed Equity Fund Acc",0.185468
"Cash",0.0710784
