"Factor","Exposure"
"Communications",0.036
"Consumer discretionary",0.063
"Consumer staples",0.02
"Energy",0.116
"Financial",0.17
"Healthcare",0.095
"Industrial",0.138
"MSBC Holdings",0.004
"Macrosoft",0.005
"Materials",0.047
"Property",0.027
"Technology",0.071
"Utilities",0.052
"jShares Min Volatility ETF Acc residual",0.034
"KP Norman Dev Wrld Lrg Cap Eq Acc residual",0.032
"Saturn Glbl Managed Equity Fund Acc residual",0.018
"Cash residual",0.071
