"Asset","Allocation"
"Fund A",0.249955
"Fund B",0.249955
"Fund C",0.499955
